
> @giwan/blog@0.0.1 test
> jest

PASS src/components/__tests__/FilterTools.test.tsx
PASS src/components/__tests__/Categories.test.tsx
PASS src/components/__tests__/AccessibilityControls.test.tsx
PASS src/utils/__tests__/accessibilityManager.test.ts
PASS src/utils/__tests__/transitionController.comprehensive.test.ts
PASS src/utils/helpers/__test__/filteringIntegration.spec.ts
PASS src/hooks/__tests__/useAccessibility.test.ts
PASS src/components/__tests__/ArticlesLoadMore.test.jsx
PASS src/utils/__tests__/performanceMonitor.test.ts
PASS src/components/__tests__/ArticlesListWrapper.test.jsx
PASS src/components/__tests__/ArticlesList.test.jsx
PASS src/utils/__tests__/transitionErrorHandler.test.ts
PASS src/utils/__tests__/transitionController.test.ts
PASS src/utils/__tests__/toolValidation.test.ts
PASS src/components/__tests__/LoadingSpinner.test.jsx
PASS src/components/Search/__test__/search.helper.test.ts
PASS src/utils/helpers/__test__/filteredList.spec.ts
PASS src/utils/__tests__/transitionRegistry.test.ts
PASS src/services/__tests__/articleService.test.js
PASS src/utils/__tests__/pwa.test.ts
PASS src/stores/__tests__/articleStore.test.js
PASS src/components/Pagination/__test__/Pagination.test.ts
PASS src/utils/__tests__/simple.test.js
PASS src/utils/__test__/isCategorySelected.spec.ts
PASS src/utils/__test__/helpers.test.ts

Test Suites: 25 passed, 25 total
Tests:       244 passed, 244 total
Snapshots:   0 total
Time:        3.624 s
Ran all test suites.
